[ramirosecco.com/index.html]
[backblue.gif]
[fade.gif]
[index.html]
[ramirosecco.com/feed/index.html]
[ramirosecco.com/wp-includes/css/dist/block-library/style.min9b30.css]
[ramirosecco.com/comments/feed/index.html]
[ramirosecco.com/wp-content/themes/seedlet/style077c.css]
[ramirosecco.com/wp-content/themes/seedlet/assets/css/style-navigation077c.css]
[ramirosecco.com/wp-content/themes/seedlet/assets/css/print077c.css]
[ramirosecco.com/wp-content/themes/seedlet/assets/css/custom-color-overrides077c.css]
[ramirosecco.com/wp-content/themes/blank-canvas/style9b30.css]
[ramirosecco.com/wp-content/uploads/2021/12/Untitled-25_EN.pdf]
[ramirosecco.com/bitcoin-untitled-english/index.html]
[ramirosecco.com/wp-json/index.html]
[ramirosecco.com/wp-content/uploads/2022/12/Sin-titulo-25.pdf]
[ramirosecco.com/wp-content/themes/seedlet/assets/js/primary-navigation077c.js]
[ramirosecco.com/index.html]
[ramirosecco.com/wp-includes/css/dist/block-library/style.min9b30.css]
[ramirosecco.com/wp-includes/blocks/file/view.min6fa4.js]
[ramirosecco.com/wp-content/themes/seedlet/style077c.css]
[ramirosecco.com/hello/index.html]
[ramirosecco.com/extra-bitcoin/index.html]
[ramirosecco.com/wp-content/themes/seedlet/assets/css/style-navigation077c.css]
[ramirosecco.com/2021/12/index.html]
[ramirosecco.com/bitcoin-untitled/index.html]
[ramirosecco.com/wp-content/themes/seedlet/assets/css/print077c.css]
[ramirosecco.com/wp-content/themes/seedlet/assets/css/custom-color-overrides077c.css]
[ramirosecco.com/2021/11/index.html]
[ramirosecco.com/category/start/index.html]
[ramirosecco.com/wp-content/themes/blank-canvas/style9b30.css]
[ramirosecco.com/category/posts/index.html]
[ramirosecco.com/bitcoin-untitled-english/feed/index.html]
[ramirosecco.com/wp-json/wp/v2/posts/64.json]
[ramirosecco.com/wp-json/oembed/1.0/embedfbe5.json]
[ramirosecco.com/wp-json/oembed/1.0/embed4c2c]
[ramirosecco.com/bitcoin-untitled-english/index.html]
[ramirosecco.com/wp-includes/css/dist/block-library/style.min380f.css]
[ramirosecco.com/wp-content/themes/blank-canvas/style380f.css]
[ramirosecco.com/wp-json/wp/v2/pages/115.json]
[ramirosecco.com/wp-json/oembed/1.0/embedb95c.json]
[ramirosecco.com/wp-json/oembed/1.0/embede008]
[ramirosecco.com/wp-content/uploads/2022/01/Bitcoin-Interview-1.pdf]
[ramirosecco.com/wp-includes/js/dist/vendor/wp-polyfill-importmap.minef6d.js]
[ramirosecco.com/wp-includes/blocks/file/view.min380f.js]
[ramirosecco.com/extra-bitcoin/index.html]
[ramirosecco.com/wp-includes/js/dist/interactivity.min380f.js]
[ramirosecco.com/wp-json/wp/v2/posts/30.json]
[ramirosecco.com/wp-json/oembed/1.0/embed39c1.json]
[ramirosecco.com/bitcoin-untitled/index.html]
[ramirosecco.com/wp-json/oembed/1.0/embedbb6b]
[ramirosecco.com/hello/feed/index.html]
[ramirosecco.com/wp-json/wp/v2/posts/14.json]
[ramirosecco.com/wp-json/oembed/1.0/embed6cf2.json]
[ramirosecco.com/wp-json/oembed/1.0/embed1f5a]
[ramirosecco.com/hello/index.html]
[ramirosecco.com/2021/12/index.html]
[ramirosecco.com/2021/11/index.html]
[ramirosecco.com/wp-includes/js/comment-reply.min380f.js]
[ramirosecco.com/category/start/index.html]
[ramirosecco.com/category/start/feed/index.html]
[ramirosecco.com/wp-json/wp/v2/categories/1.json]
[ramirosecco.com/category/posts/index.html]
[ramirosecco.com/category/posts/feed/index.html]
[ramirosecco.com/wp-json/wp/v2/categories/2.json]
[ramirosecco.com/index8cd4.html]
[ramirosecco.com/wp-includes/css/dist/block-library/style.min380f.css]
[ramirosecco.com/wp-content/themes/blank-canvas/style380f.css]
[ramirosecco.com/index0a10.html]
[ramirosecco.com/index5643.html]
[ramirosecco.com/index0b69.html]
[ramirosecco.com/wp-content/themes/blank-canvas/variables.css]
[ramirosecco.com/wp-content/themes/blank-canvas/variables.css]
[ramirosecco.com/xmlrpc0db0.php]
[ramirosecco.com/xmlrpc.php]
